
===== 2026-07-26 15:41:42 | email =====
To: nrajeshk93@gmail.com
Subject: Unlock your Hotel Bell Elite account
Hello Test,

Your account was locked after too many failed sign-in attempts.
Open the link below to unlock your account (valid for 1 hour):

http://127.0.0.1:8002/unlock-account?token=KVJH7pU_SIbyXRkyPpXsAwiXYRmx9XUQCMQsciZN2OU

If you did not try to sign in, contact your administrator.

===== 2026-07-26 15:41:43 | email =====
To: locke@example.com
Subject: Unlock your Hotel Bell Elite account
Hello locke,

Your account was locked after too many failed sign-in attempts.
Open the link below to unlock your account (valid for 1 hour):

http://localhost/unlock-account?token=V_0-iC7ksDmkqlsDS3l58wtfOz21JcxM_0Yim44a9gw

If you did not try to sign in, contact your administrator.

===== 2026-07-26 15:48:28 | email =====
To: nrajeshk93@gmail.com
Subject: Unlock your Hotel Bell Elite account
Hello Test,

Your account was locked after too many failed sign-in attempts.
Open the link below to unlock your account (valid for 1 hour):

http://127.0.0.1:8002/unlock-account?token=FEWVEI3QQgmUe4FX7AHcW7WBMc6dIeFBMTAOc2WEoSo

If you did not try to sign in, contact your administrator.

===== 2026-07-26 17:04:53 | email =====
To: nrajeshk93@gmail.com
Subject: Unlock your Hotel Bell Elite account
Hello Test,

Your account was locked after too many failed sign-in attempts.
Open the link below to unlock your account (valid for 1 hour):

http://127.0.0.1:8002/unlock-account?token=BREVO_SETUP_TEST

If you did not try to sign in, contact your administrator.

===== 2026-07-26 17:22:47 | email =====
To: nrajeshk93@gmail.com
Subject: Unlock your Hotel Bell Elite account
Hello Test,

Your account was locked after too many failed sign-in attempts.
Open the link below to unlock your account (valid for 1 hour):

https://belleliteaccounts.com/unlock-account?token=vMjn2gfPalkbaO2R4jVir9aNJt3TfJV91aCVUn-dduw

If you did not try to sign in, contact your administrator.

===== 2026-07-26 17:25:31 | email =====
To: locke@example.com
Subject: Unlock your Hotel Bell Elite account
Hello locke,

Your account was locked after too many failed sign-in attempts.
Open the link below to unlock your account (valid for 1 hour):

http://localhost/unlock-account?token=u3zPSP7fW3nFiesij2LKXXBiSTx8nT4BKF_uerwWeww

If you did not try to sign in, contact your administrator.
